fatal: 'testBranch' does not appear to be a git repository
fatal: Could not read from remote repository.

Please make sure you have the correct access rights
and the repository exists.

Nallanagula.Ajay@AjayKumar MINGW64 /C/Users/Ajay Kumar/Desktop/Devops/BlobStorag                                                                                                                e/BlobStorageDemo (master)
$ git pull origin/testBranch
fatal: 'origin/testBranch' does not appear to be a git repository
fatal: Could not read from remote repository.

Please make sure you have the correct access rights
and the repository exists.

Nallanagula.Ajay@AjayKumar MINGW64 /C/Users/Ajay Kumar/Desktop/Devops/BlobStorag                                                                                                                e/BlobStorageDemo (master)
$ git branch --no-merged
  testBranch

Nallanagula.Ajay@AjayKumar MINGW64 /C/Users/Ajay Kumar/Desktop/Devops/BlobStorag                                                                                                                e/BlobStorageDemo (master)
$ clear

Nallanagula.Ajay@AjayKumar MINGW64 /C/Users/Ajay Kumar/Desktop/Devops/BlobStorag                                                                                                                e/BlobStorageDemo (master)
$ git branch testBranch2

Nallanagula.Ajay@AjayKumar MINGW64 /C/Users/Ajay Kumar/Desktop/Devops/BlobStorag                                                                                                                e/BlobStorageDemo (master)
$ git checkout testBranch2
Switched to branch 'testBranch2'

Nallanagula.Ajay@AjayKumar MINGW64 /C/Users/Ajay Kumar/Desktop/Devops/BlobStorag                                                                                                                e/BlobStorageDemo (testBranch2)
$ git status
On branch testBranch2
nothing to commit, working tree clean

Nallanagula.Ajay@AjayKumar MINGW64 /C/Users/Ajay Kumar/Desktop/Devops/BlobStorag                                                                                                                e/BlobStorageDemo (testBranch2)
$ git status
On branch testBranch2
Changes not staged for commit:
  (use "git add <file>..." to update what will be committed)
  (use "git checkout -- <file>..." to discard changes in working directory)

        modified:   BlobStorageDemo/Program.cs

no changes added to commit (use "git add" and/or "git commit -a")

Nallanagula.Ajay@AjayKumar MINGW64 /C/Users/Ajay Kumar/Desktop/Devops/BlobStorag                                                                                                                e/BlobStorageDemo (testBranch2)
$ git commit -a -m "comment added to program.cs as testBranch2"
[testBranch2 95e2bfc] comment added to program.cs as testBranch2
 1 file changed, 1 insertion(+), 1 deletion(-)

Nallanagula.Ajay@AjayKumar MINGW64 /C/Users/Ajay Kumar/Desktop/Devops/BlobStorag                                                                                                                e/BlobStorageDemo (testBranch2)
$ git status
On branch testBranch2
nothing to commit, working tree clean

Nallanagula.Ajay@AjayKumar MINGW64 /C/Users/Ajay Kumar/Desktop/Devops/BlobStorag                                                                                                                e/BlobStorageDemo (testBranch2)
$ git checkout master
Switched to branch 'master'
Your branch is up-to-date with 'origin/master'.

Nallanagula.Ajay@AjayKumar MINGW64 /C/Users/Ajay Kumar/Desktop/Devops/BlobStorag                                                                                                                e/BlobStorageDemo (master)
$ git branch -v
* master      119f57f Add files via upload
  testBranch  4756f04 change madeto program.cs
  testBranch2 95e2bfc comment added to program.cs as testBranch2

Nallanagula.Ajay@AjayKumar MINGW64 /C/Users/Ajay Kumar/Desktop/Devops/BlobStorag                                                                                                                e/BlobStorageDemo (master)
$ git merge testBranch2
Updating 119f57f..95e2bfc
Fast-forward
 BlobStorageDemo/Program.cs | 2 +-
 1 file changed, 1 insertion(+), 1 deletion(-)

Nallanagula.Ajay@AjayKumar MINGW64 /C/Users/Ajay Kumar/Desktop/Devops/BlobStorag                                                                                                                e/BlobStorageDemo (master)
$ git status
On branch master
Your branch is ahead of 'origin/master' by 1 commit.
  (use "git push" to publish your local commits)
nothing to commit, working tree clean

Nallanagula.Ajay@AjayKumar MINGW64 /C/Users/Ajay Kumar/Desktop/Devops/BlobStorag                                                                                                                e/BlobStorageDemo (master)
$ git branch --merged
* master
  testBranch2

Nallanagula.Ajay@AjayKumar MINGW64 /C/Users/Ajay Kumar/Desktop/Devops/BlobStorag                                                                                                                e/BlobStorageDemo (master)
$ git branch --no-merged
  testBranch


Nallanagula.Ajay@AjayKumar MINGW64 /C/Users/Ajay Kumar/Desktop/Devops/BlobStorage/BlobStorageDemo (master)
$ git push origin master
Counting objects: 4, done.
Delta compression using up to 4 threads.
Compressing objects: 100% (4/4), done.
Writing objects: 100% (4/4), 402 bytes | 0 bytes/s, done.
Total 4 (delta 3), reused 0 (delta 0)
remote: Resolving deltas: 100% (3/3), completed with 3 local objects.
To https://github.com/Ajay-Nallanagula/BlobStorageDemo.git
   119f57f..95e2bfc  master -> master

Nallanagula.Ajay@AjayKumar MINGW64 /C/Users/Ajay Kumar/Desktop/Devops/BlobStorage/BlobStorageDemo (master)
$ git status
On branch master
Your branch is up-to-date with 'origin/master'.
nothing to commit, working tree clean

Nallanagula.Ajay@AjayKumar MINGW64 /C/Users/Ajay Kumar/Desktop/Devops/BlobStorage/BlobStorageDemo (master)
$ ^C

Nallanagula.Ajay@AjayKumar MINGW64 /C/Users/Ajay Kumar/Desktop/Devops/BlobStorage/BlobStorageDemo (master)
$
