
Nallanagula.Ajay@AjayKumar MINGW64 /C/Users/Ajay Kumar/Desktop/Devops/BlobStorage/BlobStorageDemo (testBranch3)
$ git checkout master
error: Your local changes to the following files would be overwritten by checkout:
        BlobStorageDemo/Program.cs
Please commit your changes or stash them before you switch branches.
Aborting

Nallanagula.Ajay@AjayKumar MINGW64 /C/Users/Ajay Kumar/Desktop/Devops/BlobStorage/BlobStorageDemo (testBranch3)
$ git commit -a -m "testBranch3 changes"
[testBranch3 d4fd664] testBranch3 changes
 1 file changed, 1 insertion(+), 1 deletion(-)

Nallanagula.Ajay@AjayKumar MINGW64 /C/Users/Ajay Kumar/Desktop/Devops/BlobStorage/BlobStorageDemo (testBranch3)
$ git checkout master
Switched to branch 'master'
Your branch is up-to-date with 'origin/master'.

Nallanagula.Ajay@AjayKumar MINGW64 /C/Users/Ajay Kumar/Desktop/Devops/BlobStorage/BlobStorageDemo (master)
$ clear

Nallanagula.Ajay@AjayKumar MINGW64 /C/Users/Ajay Kumar/Desktop/Devops/BlobStorage/BlobStorageDemo (master)
$ git branch testBranch4

Nallanagula.Ajay@AjayKumar MINGW64 /C/Users/Ajay Kumar/Desktop/Devops/BlobStorage/BlobStorageDemo (master)
$ git checkout testBranch4
Switched to branch 'testBranch4'

Nallanagula.Ajay@AjayKumar MINGW64 /C/Users/Ajay Kumar/Desktop/Devops/BlobStorage/BlobStorageDemo (testBranch4)
$ git status
On branch testBranch4
Untracked files:
  (use "git add <file>..." to include in what will be committed)

        BlobStorageDemo/Git_Diff.txt
        BlobStorageDemo/Git_Merge_NoMerge.txt

nothing added to commit but untracked files present (use "git add" to track)

Nallanagula.Ajay@AjayKumar MINGW64 /C/Users/Ajay Kumar/Desktop/Devops/BlobStorage/BlobStorageDemo (testBranch4)
$ git rm  BlobStorageDemo/Git_Diff.txt
fatal: pathspec 'BlobStorageDemo/Git_Diff.txt' did not match any files

Nallanagula.Ajay@AjayKumar MINGW64 /C/Users/Ajay Kumar/Desktop/Devops/BlobStorage/BlobStorageDemo (testBranch4)
$ git rm  Git_Diff.txt
fatal: pathspec 'Git_Diff.txt' did not match any files

Nallanagula.Ajay@AjayKumar MINGW64 /C/Users/Ajay Kumar/Desktop/Devops/BlobStorage/BlobStorageDemo (testBranch4)
$ git rm 'BlobStorageDemo/Git_Diff.txt'
fatal: pathspec 'BlobStorageDemo/Git_Diff.txt' did not match any files

Nallanagula.Ajay@AjayKumar MINGW64 /C/Users/Ajay Kumar/Desktop/Devops/BlobStorage/BlobStorageDemo (testBranch4)
$ git rm 'BlobStorageDemo/Git\_\Diff.txt'
fatal: pathspec 'BlobStorageDemo/Git\_\Diff.txt' did not match any files

Nallanagula.Ajay@AjayKumar MINGW64 /C/Users/Ajay Kumar/Desktop/Devops/BlobStorage/BlobStorageDemo (testBranch4)
$ git commit -a -m "added two dummy files"
On branch testBranch4
Untracked files:
        BlobStorageDemo/Git_Diff.txt
        BlobStorageDemo/Git_Merge_NoMerge.txt

nothing added to commit but untracked files present

Nallanagula.Ajay@AjayKumar MINGW64 /C/Users/Ajay Kumar/Desktop/Devops/BlobStorage/BlobStorageDemo (testBranch4)
$ git add  BlobStorageDemo/Git_Diff.txt

Nallanagula.Ajay@AjayKumar MINGW64 /C/Users/Ajay Kumar/Desktop/Devops/BlobStorage/BlobStorageDemo (testBranch4)
$ git add  BlobStorageDemo/Git_Merge_NoMerge.txt

Nallanagula.Ajay@AjayKumar MINGW64 /C/Users/Ajay Kumar/Desktop/Devops/BlobStorage/BlobStorageDemo (testBranch4)
$ git commit -a -m "added two dummy files"
[testBranch4 49cea88] added two dummy files
 2 files changed, 230 insertions(+)
 create mode 100644 BlobStorageDemo/Git_Diff.txt
 create mode 100644 BlobStorageDemo/Git_Merge_NoMerge.txt

Nallanagula.Ajay@AjayKumar MINGW64 /C/Users/Ajay Kumar/Desktop/Devops/BlobStorage/BlobStorageDemo (testBranch4)
$ git status
On branch testBranch4
nothing to commit, working tree clean

Nallanagula.Ajay@AjayKumar MINGW64 /C/Users/Ajay Kumar/Desktop/Devops/BlobStorage/BlobStorageDemo (testBranch4)
$ git rm  BlobStorageDemo/Git_Diff.txt
rm 'BlobStorageDemo/Git_Diff.txt'

Nallanagula.Ajay@AjayKumar MINGW64 /C/Users/Ajay Kumar/Desktop/Devops/BlobStorage/BlobStorageDemo (testBranch4)
$ git status
On branch testBranch4
Changes to be committed:
  (use "git reset HEAD <file>..." to unstage)

        deleted:    BlobStorageDemo/Git_Diff.txt


Nallanagula.Ajay@AjayKumar MINGW64 /C/Users/Ajay Kumar/Desktop/Devops/BlobStorage/BlobStorageDemo (testBranch4)
$ git rm  Git_Diff.txt
